npm warn Unknown global config "tmp". This will stop working in the next major version of npm.
npm warn using --force Recommended protections disabled.

> opensvm@0.1.0 build
> next build

   ▲ Next.js 15.4.4
   - Environments: .env.local, .env
   - Experiments (use with caution):
     ✓ optimizeCss
     · optimizePackageImports

   Creating an optimized production build ...
 ✓ Compiled successfully in 14.0s
   Skipping validation of types
   Linting ...

./components/export/ExportDialog.tsx
116:6  Warning: React Hook useEffect has missing dependencies: 'config.filename' and 'config.timestamp'. Either include them or remove the dependency array.  react-hooks/exhaustive-deps

./components/transaction-graph/GraphContext.tsx
537:24  Warning: The ref value 'cyRef.current' will likely have changed by the time this effect cleanup function runs. If this ref points to a node rendered by React, copy 'cyRef.current' to a variable inside the effect, and use that variable in the cleanup function.  react-hooks/exhaustive-deps

./components/transaction-graph/TransactionGraph.tsx
136:38  Warning: The ref value 'containerRef.current' will likely have changed by the time this effect cleanup function runs. If this ref points to a node rendered by React, copy 'containerRef.current' to a variable inside the effect, and use that variable in the cleanup function.  react-hooks/exhaustive-deps

./components/transaction-graph/TypeSafeHooks.ts
105:6  Warning: React Hook useEffect was passed a dependency list that is not an array literal. This means we can't statically verify whether you've passed the correct dependencies.  react-hooks/exhaustive-deps
105:6  Warning: React Hook useEffect has missing dependencies: 'abort' and 'execute'. Either include them or remove the dependency array.  react-hooks/exhaustive-deps
269:63  Warning: React Hook useEffect has a spread element in its dependency array. This means we can't statically verify whether you've passed the correct dependencies.  react-hooks/exhaustive-deps
431:20  Warning: React Hook useEffect has a spread element in its dependency array. This means we can't statically verify whether you've passed the correct dependencies.  react-hooks/exhaustive-deps

./components/ui/animated-components.tsx
577:1  Warning: Assign object to a variable before exporting as module default  import/no-anonymous-default-export

./components/ui/micro-interactions.tsx
526:1  Warning: Assign object to a variable before exporting as module default  import/no-anonymous-default-export

./components/ui/optimistic.tsx
507:1  Warning: Assign object to a variable before exporting as module default  import/no-anonymous-default-export

./components/user-history/UserFeedDisplay.tsx
488:6  Warning: React Hook useEffect has missing dependencies: 'connectionStatus', 'eventSource', 'retryCount', and 'retryTimeout'. Either include them or remove the dependency array.  react-hooks/exhaustive-deps

./components/white-label/CustomizationPanel.tsx
296:57  Warning: Image elements must have an alt prop, either with meaningful text, or an empty string for decorative images.  jsx-a11y/alt-text

./lib/caching/hooks.tsx
458:1  Warning: Assign object to a variable before exporting as module default  import/no-anonymous-default-export

./lib/caching/index.tsx
499:6  Warning: React Hook useEffect has a missing dependency: 'indexedDBCache'. Either include it or remove the dependency array.  react-hooks/exhaustive-deps
795:6  Warning: React Hook useEffect has a missing dependency: 'cleanup'. Either include it or remove the dependency array.  react-hooks/exhaustive-deps

./lib/error-handling/index.tsx
488:6  Warning: React Hook useEffect has a missing dependency: 'reportError'. Either include it or remove the dependency array.  react-hooks/exhaustive-deps
528:6  Warning: React Hook useEffect has a missing dependency: 'reportError'. Either include it or remove the dependency array.  react-hooks/exhaustive-deps

./lib/performance/index.tsx
315:6  Warning: React Hook useCallback has a missing dependency: 'recordMetric'. Either include it or remove the dependency array.  react-hooks/exhaustive-deps
432:6  Warning: React Hook useCallback has a missing dependency: 'getOptimizationSuggestions'. Either include it or remove the dependency array.  react-hooks/exhaustive-deps

./lib/rbac/index.tsx
462:6  Warning: React Hook useCallback has a missing dependency: 'logAction'. Either include it or remove the dependency array.  react-hooks/exhaustive-deps
493:6  Warning: React Hook useCallback has a missing dependency: 'logAction'. Either include it or remove the dependency array.  react-hooks/exhaustive-deps
520:6  Warning: React Hook useCallback has a missing dependency: 'logAction'. Either include it or remove the dependency array.  react-hooks/exhaustive-deps
546:6  Warning: React Hook useCallback has a missing dependency: 'logAction'. Either include it or remove the dependency array.  react-hooks/exhaustive-deps
565:6  Warning: React Hook useCallback has a missing dependency: 'logAction'. Either include it or remove the dependency array.  react-hooks/exhaustive-deps

./lib/voice/index.tsx
223:6  Warning: React Hook useEffect has missing dependencies: 'announceError', 'isSupported', 'processCommand', 'settings.audioFeedback', and 'speak'. Either include them or remove the dependency array.  react-hooks/exhaustive-deps
234:6  Warning: React Hook useCallback has a missing dependency: 'announceError'. Either include it or remove the dependency array.  react-hooks/exhaustive-deps
245:6  Warning: React Hook useCallback has a missing dependency: 'speak'. Either include it or remove the dependency array.  react-hooks/exhaustive-deps
348:6  Warning: React Hook useCallback has missing dependencies: 'announceAction', 'announceError', 'askForConfirmation', and 'speak'. Either include them or remove the dependency array.  react-hooks/exhaustive-deps

./lib/white-label/index.tsx
441:6  Warning: React Hook useEffect has a missing dependency: 'loadConfiguration'. Either include it or remove the dependency array.  react-hooks/exhaustive-deps
446:6  Warning: React Hook useEffect has a missing dependency: 'applyTheme'. Either include it or remove the dependency array.  react-hooks/exhaustive-deps

info  - Need to disable some ESLint rules? Learn more here: https://nextjs.org/docs/app/api-reference/config/eslint#disabling-rules
   Collecting page data ...
Warning: Missing required environment variables. The similar questions feature will be disabled.
 ⚠ Using edge runtime on a page currently disables static generation for that page
TypeError: G.initialize is not a function
    at 65736 (.next/server/app/api/v1/messages/route.js:1:14788)
    at c (.next/server/webpack-runtime.js:1:143)
    at <unknown> (.next/server/app/api/v1/messages/route.js:1:25721)
    at c.X (.next/server/webpack-runtime.js:1:1285)
    at <unknown> (.next/server/app/api/v1/messages/route.js:1:25702)
    at Object.<anonymous> (.next/server/app/api/v1/messages/route.js:1:25753)

> Build error occurred
[Error: Failed to collect page data for /api/v1/messages] {
  type: 'Error'
}
